[0m11:13:08.786417 [debug] [MainThread]: Sending event: {'category': 'dbt', 'action': 'invocation', 'label': 'start', 'context': [<snowplow_tracker.self_describing_json.SelfDescribingJson object at 0x0000029A177CDFD0>, <snowplow_tracker.self_describing_json.SelfDescribingJson object at 0x0000029A15100CD0>, <snowplow_tracker.self_describing_json.SelfDescribingJson object at 0x0000029A1A09F890>]}


============================== 11:13:08.789492 | a51cb636-9a8b-435b-9c17-51695f77bc6c ==============================
[0m11:13:08.789492 [info ] [MainThread]: Running with dbt=1.12.3
[0m11:13:08.790006 [debug] [MainThread]: running dbt with arguments {'version_check': 'True', 'no_print': 'None', 'maximum_seed_size_mib': '1', 'target_path': 'None', 'static_parser': 'True', 'warn_error_options': 'WarnErrorOptionsV2(error=[], warn=[], silence=[])', 'printer_width': '80', 'write_json': 'True', 'empty': 'None', 'log_cache_events': 'False', 'introspect': 'True', 'cache_selected_only': 'False', 'log_format': 'default', 'debug': 'False', 'fail_fast': 'False', 'profiles_dir': 'C:\\Users\\bigal\\.dbt', 'send_anonymous_usage_stats': 'True', 'quiet': 'False', 'warn_error': 'None', 'partial_parse': 'True', 'indirect_selection': 'eager', 'hints_enabled': 'True', 'use_colors': 'True', 'use_experimental_parser': 'False', 'invocation_command': 'dbt init ecommerce_analytics', 'log_path': 'logs'}
[0m11:13:08.802138 [debug] [MainThread]: Starter project path: C:\Users\bigal\Data-projects-Tripleten-\ecommerce-data-platform\.venv\Lib\site-packages\dbt\include\starter_project
[0m11:13:08.816758 [info ] [MainThread]: Setting up your profile.
[0m11:13:17.309239 [debug] [MainThread]: Snowflake adapter: Setting snowflake.connector to ERROR (file logging only)
[0m11:13:17.309568 [debug] [MainThread]: Snowflake adapter: Setting botocore to ERROR (file logging only)
[0m11:13:17.309722 [debug] [MainThread]: Snowflake adapter: Setting boto3 to ERROR (file logging only)
[0m11:14:26.086067 [info ] [MainThread]: Profile ecommerce_analytics written to C:\Users\bigal\.dbt\profiles.yml using target's profile_template.yml and your supplied values.
[0m11:14:26.087869 [info ] [MainThread]: Running dbt debug to validate the project...
[0m11:14:26.088282 [info ] [MainThread]: dbt version: 1.12.3
[0m11:14:26.088528 [info ] [MainThread]: python version: 3.14.4
[0m11:14:26.088777 [info ] [MainThread]: python path: C:\Users\bigal\Data-projects-Tripleten-\ecommerce-data-platform\.venv\Scripts\python.exe
[0m11:14:26.088958 [info ] [MainThread]: os info: Windows-11-10.0.26200-SP0
[0m11:14:26.128228 [info ] [MainThread]: Using profiles dir at C:\Users\bigal\.dbt
[0m11:14:26.128842 [info ] [MainThread]: Using profiles.yml file at C:\Users\bigal\.dbt\profiles.yml
[0m11:14:26.129255 [info ] [MainThread]: Using dbt_project.yml file at C:\Users\bigal\Data-projects-Tripleten-\ecommerce-data-platform\dbt\ecommerce_analytics\dbt_project.yml
[0m11:14:26.130083 [info ] [MainThread]: adapter type: snowflake
[0m11:14:26.130346 [info ] [MainThread]: adapter version: 1.12.0
[0m11:14:26.183963 [info ] [MainThread]: Configuration:
[0m11:14:26.184391 [info ] [MainThread]:   profiles.yml file [[32mOK found and valid[0m]
[0m11:14:26.184604 [info ] [MainThread]:   dbt_project.yml file [[32mOK found and valid[0m]
[0m11:14:26.184953 [info ] [MainThread]: Required dependencies:
[0m11:14:26.185458 [debug] [MainThread]: Executing "git --help"
[0m11:14:26.209988 [debug] [MainThread]: STDOUT: "b"usage: git [-v | --version] [-h | --help] [-C <path>] [-c <name>=<value>]\n           [--exec-path[=<path>]] [--html-path] [--man-path] [--info-path]\n           [-p | --paginate | -P | --no-pager] [--no-replace-objects] [--no-lazy-fetch]\n           [--no-optional-locks] [--no-advice] [--bare] [--git-dir=<path>]\n           [--work-tree=<path>] [--namespace=<name>] [--config-env=<name>=<envvar>]\n           <command> [<args>]\n\nThese are common Git commands used in various situations:\n\nstart a working area (see also: git help tutorial)\n   clone      Clone a repository into a new directory\n   init       Create an empty Git repository or reinitialize an existing one\n\nwork on the current change (see also: git help everyday)\n   add        Add file contents to the index\n   mv         Move or rename a file, a directory, or a symlink\n   restore    Restore working tree files\n   rm         Remove files from the working tree and from the index\n\nexamine the history and state (see also: git help revisions)\n   bisect     Use binary search to find the commit that introduced a bug\n   diff       Show changes between commits, commit and working tree, etc\n   grep       Print lines matching a pattern\n   log        Show commit logs\n   show       Show various types of objects\n   status     Show the working tree status\n\ngrow, mark and tweak your common history\n   backfill   Download missing objects in a partial clone\n   branch     List, create, or delete branches\n   commit     Record changes to the repository\n   merge      Join two or more development histories together\n   rebase     Reapply commits on top of another base tip\n   reset      Set `HEAD` or the index to a known state\n   switch     Switch branches\n   tag        Create, list, delete or verify tags\n\ncollaborate (see also: git help workflows)\n   fetch      Download objects and refs from another repository\n   pull       Fetch from and integrate with another repository or a local branch\n   push       Update remote refs along with associated objects\n\n'git help -a' and 'git help -g' list available subcommands and some\nconcept guides. See 'git help <command>' or 'git help <concept>'\nto read about a specific subcommand or concept.\nSee 'git help git' for an overview of the system.\n""
[0m11:14:26.210378 [debug] [MainThread]: STDERR: "b''"
[0m11:14:26.210627 [info ] [MainThread]:  - git [[32mOK found[0m]

[0m11:14:26.210889 [info ] [MainThread]: Connection:
[0m11:14:26.211099 [info ] [MainThread]:   account: eg52690.us-east-2.aws
[0m11:14:26.211253 [info ] [MainThread]:   user: alouis752
[0m11:14:26.211392 [info ] [MainThread]:   database: ECOMMERCE_DATA_PLATFORM
[0m11:14:26.211524 [info ] [MainThread]:   warehouse: ECOMMERCE_WH
[0m11:14:26.211654 [info ] [MainThread]:   role: ACCOUNTADMIN
[0m11:14:26.211783 [info ] [MainThread]:   schema: STAGING
[0m11:14:26.211911 [info ] [MainThread]:   authenticator: None
[0m11:14:26.212037 [info ] [MainThread]:   oauth_client_id: None
[0m11:14:26.212163 [info ] [MainThread]:   query_tag: None
[0m11:14:26.212290 [info ] [MainThread]:   client_session_keep_alive: False
[0m11:14:26.212417 [info ] [MainThread]:   host: None
[0m11:14:26.212541 [info ] [MainThread]:   port: None
[0m11:14:26.212741 [info ] [MainThread]:   proxy_host: None
[0m11:14:26.212928 [info ] [MainThread]:   proxy_port: None
[0m11:14:26.213068 [info ] [MainThread]:   protocol: None
[0m11:14:26.213195 [info ] [MainThread]:   connect_retries: 1
[0m11:14:26.213320 [info ] [MainThread]:   connect_timeout: None
[0m11:14:26.213444 [info ] [MainThread]:   retry_on_database_errors: False
[0m11:14:26.213569 [info ] [MainThread]:   retry_all: False
[0m11:14:26.213693 [info ] [MainThread]:   insecure_mode: False
[0m11:14:26.213815 [info ] [MainThread]:   reuse_connections: True
[0m11:14:26.213937 [info ] [MainThread]:   s3_stage_vpce_dns_name: None
[0m11:14:26.214059 [info ] [MainThread]:   workload_identity_provider: None
[0m11:14:26.214182 [info ] [MainThread]:   workload_identity_entra_resource: None
[0m11:14:26.214536 [info ] [MainThread]:   platform_detection_timeout_seconds: 0.0
[0m11:14:26.215044 [info ] [MainThread]: Registered adapter: snowflake=1.12.0
[0m11:14:26.382422 [debug] [MainThread]: Acquiring new snowflake connection 'debug'
[0m11:14:26.384034 [debug] [MainThread]: Using snowflake connection "debug"
[0m11:14:26.384248 [debug] [MainThread]: On debug: select 1 as id
[0m11:14:26.384377 [debug] [MainThread]: Opening a new connection, currently in state init
[0m11:14:28.129973 [debug] [MainThread]: SQL status: SUCCESS 1 in 1.746 seconds
[0m11:14:28.130697 [info ] [MainThread]:   Connection test: [[32mOK connection ok[0m]

[0m11:14:28.131024 [info ] [MainThread]: [32mAll checks passed![0m
[0m11:14:28.131272 [info ] [MainThread]: Your new dbt project "ecommerce_analytics" was created!
Initialized new project in C:\Users\bigal\Data-projects-Tripleten-\ecommerce-data-platform\dbt\ecommerce_analytics\ecommerce_analytics

For more information on how to configure the profiles.yml file,
please consult the dbt documentation here:

  https://docs.getdbt.com/docs/configure-your-profile

One more thing:

Need help? Don't hesitate to reach out to us via GitHub issues or on Slack:

  https://community.getdbt.com/

Happy modeling!

[0m11:14:28.131964 [debug] [MainThread]: Command `dbt init` succeeded at 11:14:28.131901 after 79.45 seconds
[0m11:14:28.132131 [debug] [MainThread]: Connection 'debug' was left open.
[0m11:14:28.132266 [debug] [MainThread]: On debug: Close
[0m11:14:28.261989 [debug] [MainThread]: Sending event: {'category': 'dbt', 'action': 'invocation', 'label': 'end', 'context': [<snowplow_tracker.self_describing_json.SelfDescribingJson object at 0x0000029A19EDBE10>, <snowplow_tracker.self_describing_json.SelfDescribingJson object at 0x0000029A14E15010>, <snowplow_tracker.self_describing_json.SelfDescribingJson object at 0x0000029A3412B790>]}
[0m11:14:28.262417 [debug] [MainThread]: Flushing usage events
[0m11:14:28.603598 [debug] [MainThread]: An error was encountered while trying to flush usage events
